// Jest Snapshot v1, https://goo.gl/fbAQLP

exports[`App Tests POST /api/get-air-quality 1`] = `
{
  "aqicn": Any<Number>,
  "aqius": Any<Number>,
  "maincn": Any<String>,
  "mainus": Any<String>,
  "ts": Any<String>,
}
`;
